---
title: ğŸ¬My SQL Commands
date: 2020-12-03 19:30:00
category: development
draft: false
---

## 1. ë°ì´í„° ë² ì´ìŠ¤ ì „ì²´ ëª©ë¡ í™•ì¸í•˜ê¸°

```js
mysql> SHOW DATABASES;
+--------------------+
| Database           |
+--------------------+
| information_schema |
| mysql              |
| noticeboard        |
| performance_schema |
| sys                |
+--------------------+
```

## 2. ë°ì´í„° ë² ì´ìŠ¤ ë§Œë“¤ê¸°

```js
mysql> CREATE DATABASE AmongUS;
Query OK, 1 row affected (0.02 sec)

mysql> SHOW DATABASES;
+--------------------+
| Database           |
+--------------------+
| AmongUS            |
| information_schema |
| mysql              |
| noticeboard        |
| performance_schema |
| sys                |
+--------------------+
```

## 3. AmongUs ë°ì´í„° ë² ì´ìŠ¤ ì‚¬ìš©í•˜ê¸°

```js
mysql> USE AmongUS;
Database changed
mysql> SHOW TABLES;
Empty set (0.00 sec)
```

AmongUs ë°ì´í„° ë² ì´ìŠ¤ì—ëŠ” ì•„ì§ í…Œì´ë¸”ì´ ì—†ë‹¤.

AmongUs ê²Œì„ì„ ì¦ê¸°ëŠ” ì‚¬ìš©ìë“¤ì˜ ì •ë³´ë¥¼ ë‹´ì€ í…Œì´ë¸”ì„ ë§Œë“¤ì–´ ë³´ì.

![](https://www.somagnews.com/wp-content/uploads/2020/09/1599647767_244123_1599647831_noticia_normal.jpg)

## 4. ë°ì´í„°ë² ì´ìŠ¤ ë‚´ í…Œì´ë¸” ë§Œë“¤ê¸° (CREATE)

CREATE TABLE í…Œì´ë¸”ëª… (column1 - property, col2, col3, .....)

```js
mysql> CREATE TABLE user(
    -> id INT(11) NOT NULL AUTO_INCREMENT,
    -> username VARCHAR(100) NOT NULL,
    -> color VARCHAR(100) NOT NULL,
    -> description TEXT NULL,
    -> PRIMARY KEY(id));
Query OK, 0 rows affected, 1 warning (0.04 sec)
```

id, username, color, description ê·¸ë¦¬ê³  id ë¥¼ Pm í‚¤ë¡œ í•˜ëŠ” ì»¬ëŸ¼ ë“¤ì„ ìƒì„±í•´ ì£¼ì—ˆë‹¤.

## 5. ë°ì´í„°ë² ì´ìŠ¤ ë‚´ í…Œì´ë¸” ëª©ë¡ì„ í™•ì¸í•˜ê¸°

SHOW TABLES; ë¼ëŠ” ì»¤ë§¨ë“œë¥¼ ì…ë ¥í•œë‹¤.

```js
mysql> SHOW TABLES;
+-------------------+
| Tables_in_amongus |
+-------------------+
| user              |
+-------------------+
1 row in set (0.01 sec)
```

## 6. í…Œì´ë¸”ì— ê°’ ë„£ì–´ë³´ê¸°.

ì•„ì§ ë¹ˆ í…Œì´ë¸”ì´ë¯€ë¡œ ê°’ì„ ë„£ì–´ë³´ì.

```js
mysql> INSERT INTO user (id, username, color, description)
    -> VALUES(1, 'mooks', 'rainbow', 'AmongUS Love');
Query OK, 1 row affected (0.01 sec)
```

ì˜¤í˜¸.. ì´ì œ user ë¼ëŠ” í…Œì´ë¸”ì„ í™•ì¸í•´ ë³´ì.

## 7. í…Œì´ë¸” ì¡°íšŒí•˜ê¸° (READ)

6ë²ˆ ê³¼ì •ì„ 2ë²ˆ ë” ì§„í–‰í–ˆë‹¤.

```js
mysql> SELECT * FROM user;
+----+--------------------+---------+-----------------------+
| id | username           | color   | description           |
+----+--------------------+---------+-----------------------+
|  1 | mooks              | rainbow | AmongUS Love          |
|  2 | younJi             | blue    | Learning SQL is Happy |
|  3 | ANONYMOUS CREWMATE | RED     | CATCH ME IF U CAN     |
+----+--------------------+---------+-----------------------+
3 rows in set (0.00 sec)
```

## 8. í…Œì´ë¸” ëª… ë°”ê¾¸ê¸°

user ë¼ëŠ” í…Œì´ë¸”ëª…ì´ ëª…í™•í•˜ì§€ ì•Šì•„ ë³´ì¸ë‹¤.

ALTER TABLE user RENAME AmongUsUser; ëª…ë ¹ì–´ë¡œ

í…Œì´ë¸”ëª…ì„ user ì—ì„œ AmongUsUser ë¡œ ë°”ê¾¼ë‹¤.

```js
mysql> ALTER TABLE user RENAME AmongUsUser;
Query OK, 0 rows affected (0.02 sec)

mysql> SELECT * FROM user;
ERROR 1146 (42S02): Table 'amongus.user' doesn't exist
mysql> SELECT * FROM AmongUsUser;
+----+--------------------+---------+-----------------------+
| id | username           | color   | description           |
+----+--------------------+---------+-----------------------+
|  1 | mooks              | rainbow | AmongUS Love          |
|  2 | younJi             | blue    | Learning SQL is Happy |
|  3 | ANONYMOUS CREWMATE | RED     | CATCH ME IF U CAN     |
+----+--------------------+---------+-----------------------+
3 rows in set (0.00 sec)
```

ì´ì œ ê·¸ëŸ¬ë©´ ë” ì´ìƒ user ë¼ëŠ” í…Œì´ë¸” ëª…ì€ ì‚¬ìš©í–ˆë‹¤ê°„ ìœ„ì²˜ëŸ¼ ì—ëŸ¬ ë©”ì‹œì§€ë¥¼ ë³´ì—¬ì¤€ë‹¤.

í…Œì´ë¸”ì— 'ì¢‹ì•„í•˜ëŠ” ìŒì‹' ì— ëŒ€í•œ ì»¬ëŸ¼ì„ ë„£ì–´ì£¼ê³  ì‹¶ì–´ì¡Œë‹¤.

## 9. ê¸°ì¡´ í…Œì´ë¸”ì— ì»¬ëŸ¼ ì¶”ê°€í•˜ê¸°

```js
mysql> ALTER TABLE AmongUsUser ADD favourite_food varchar(300);
Query OK, 0 rows affected (0.02 sec)
Records: 0  Duplicates: 0  Warnings: 0

mysql> SELECT * FROM AmongUsUser;
+----+--------------------+---------+-----------------------+----------------+
| id | username           | color   | description           | favourite_food |
+----+--------------------+---------+-----------------------+----------------+
|  1 | mooks              | rainbow | AmongUS Love          | NULL           |
|  2 | younJi             | blue    | Learning SQL is Happy | NULL           |
|  3 | ANONYMOUS CREWMATE | RED     | CATCH ME IF U CAN     | NULL           |
+----+--------------------+---------+-----------------------+----------------+
3 rows in set (0.00 sec)
```

## 10. í…Œì´ë¸” ë‚´ ê°’ UPDATE í•˜ê¸°

color ë¥¼ GREEN ìœ¼ë¡œ ì—…ë°ì´íŠ¸ í•œë‹¤. WHERE í•˜ìœ„ì— ì¡°ê±´ì„ ë§Œì¡±í•˜ëŠ” row ë¥¼.

```js
mysql> UPDATE AmongUsUser SET color="GREEN" WHERE id=1;
Query OK, 1 row affected (0.01 sec)
Rows matched: 1  Changed: 1  Warnings: 0

mysql> SELECT * FROM AmongUsUser;
+----+--------------------+-------+-----------------------+----------------+
| id | username           | color | description           | favourite_food |
+----+--------------------+-------+-----------------------+----------------+
|  1 | mooks              | GREEN | AmongUS Love          | NULL           |
|  2 | younJi             | blue  | Learning SQL is Happy | NULL           |
|  3 | ANONYMOUS CREWMATE | RED   | CATCH ME IF U CAN     | NULL           |
+----+--------------------+-------+-----------------------+----------------+
3 rows in set (0.00 sec)
```

í™•ì¸í•´ë³´ë‹ˆ ì •ë§ id ê°€ 1ì¸ row ì˜ color ê°€ rainbow ì—ì„œ "GREEN" ìœ¼ë¡œ ë°”ë€Œì–´ì ¸ ìˆë‹¤.

## 11. ì›í•˜ëŠ” ì¡°ê±´ì˜ row ë¥¼ ì§€ìš°ê¸° (DELETE)

```js
mysql> SELECT * FROM AmongUsUser;
+----+--------------------+--------+-------------------------+---------------------+
| id | username           | color  | description             | favourite_food      |
+----+--------------------+--------+-------------------------+---------------------+
|  1 | mooks              | GREEN  | AmongUS Love            | NULL                |
|  2 | younJi             | blue   | Learning SQL is Happy   | NULL                |
|  3 | ANONYMOUS CREWMATE | RED    | CATCH ME IF U CAN       | NULL                |
|  4 | ANONYMOUS Hacker   | Orange | ì½”ë”©ë§ˆë µë‹¤              | ì˜¤ëšœê¸° ì‹ ë¼ë©´       |
|  5 | Nomad Coder        | BLACK  | Welcome to Nomad Coder! | Kimchi              |
+----+--------------------+--------+-------------------------+---------------------+
5 rows in set (0.00 sec)
```

id ê°€ 1ì¸ row ë¥¼ ì§€ìš°ê¸°ë¡œ ë§ˆìŒë¨¹ì—ˆë‹¤.

```js
mysql> DELETE FROM AmongUsUser WHERE id=1;
Query OK, 1 row affected (0.00 sec)

mysql> SELECT * FROM AmongUsUser;
+----+--------------------+--------+-------------------------+---------------------+
| id | username           | color  | description             | favourite_food      |
+----+--------------------+--------+-------------------------+---------------------+
|  2 | younJi             | blue   | Learning SQL is Happy   | NULL                |
|  3 | ANONYMOUS CREWMATE | RED    | CATCH ME IF U CAN       | NULL                |
|  4 | ANONYMOUS Hacker   | Orange | ì½”ë”©ë§ˆë µë‹¤              | ì˜¤ëšœê¸° ì‹ ë¼ë©´       |
|  5 | Nomad Coder        | BLACK  | Welcome to Nomad Coder! | Kimchi              |
+----+--------------------+--------+-------------------------+---------------------+
4 rows in set (0.00 sec)
```

id ëŠ” ê³ ìœ í•œ ê°’ì´ê¸° ë•Œë¬¸ì— id = 1 ì¸ row ê°€ ì§€ì›Œì¡Œë‹¤ í•´ì„œ ìœ„ë¡œ ë‹¹ê²¨ ì˜¬ë¼ê°€ì§€ ì•Šê³  ìœ„ì™€ ê°™ì€ ìƒíƒœë¼ëŠ” ì ì„ ìœ ì˜í•´ì•¼ í•  ê²ƒ ê°™ë‹¤.
